[designarc.biz/demos/unilevor/theme/img/favicon.png]
[backblue.gif]
[fade.gif]
[index.html]
[designarc.biz/demos/unilevor/theme/img/logo.png]
[designarc.biz/demos/unilevor/theme/img/home-slider/slider-1.jpg]
[designarc.biz/demos/unilevor/theme/img/home-slider/slider-2.jpg]
[designarc.biz/demos/unilevor/theme/img/home-slider/slider-3.jpg]
[designarc.biz/demos/unilevor/theme/img/about/about1.jpg]
[designarc.biz/demos/unilevor/theme/img/about/about2.jpg]
[designarc.biz/demos/unilevor/theme/img/about/about3.jpg]
[designarc.biz/demos/unilevor/theme/img/about/project1.jpg]
[designarc.biz/demos/unilevor/theme/img/about/project2.jpg]
[designarc.biz/demos/unilevor/theme/img/about/project3.jpg]
[designarc.biz/demos/unilevor/theme/img/about/project4.jpg]
[designarc.biz/demos/unilevor/theme/img/testimonial_1.png]
[designarc.biz/demos/unilevor/theme/img/quoat.png]
[designarc.biz/demos/unilevor/theme/img/advisor_1.jpg]
[designarc.biz/demos/unilevor/theme/img/advisor_2.jpg]
[designarc.biz/demos/unilevor/theme/img/advisor_3.jpg]
[designarc.biz/demos/unilevor/theme/img/blog/lt_blog1.jpg]
[designarc.biz/demos/unilevor/theme/img/blog/lt_blog2.jpg]
[designarc.biz/demos/unilevor/theme/img/blog/lt_blog3.jpg]
[designarc.biz/demos/unilevor/theme/img/clients-logo/partner-logo1.png]
[designarc.biz/demos/unilevor/theme/img/clients-logo/partner-logo2.png]
[designarc.biz/demos/unilevor/theme/img/clients-logo/partner-logo3.png]
[designarc.biz/demos/unilevor/theme/img/clients-logo/partner-logo4.png]
[designarc.biz/demos/unilevor/theme/img/clients-logo/partner-logo5.png]
[designarc.biz/demos/unilevor/theme/img/clients-logo/partner-logo6.png]
[designarc.biz/demos/unilevor/theme/img/f_logo.png]
[designarc.biz/demos/unilevor/theme/js/jquery-3.2.1.min.js]
[designarc.biz/demos/unilevor/theme/js/popper.js]
[designarc.biz/demos/unilevor/theme/js/bootstrap.min.js]
[designarc.biz/demos/unilevor/theme/vendors/revolution/js/jquery.themepunch.tools.min.js]
[designarc.biz/demos/unilevor/theme/vendors/revolution/js/jquery.themepunch.revolution.min.js]
[designarc.biz/demos/unilevor/theme/vendors/revolution/js/extensions/revolution.extension.video.min.js]
[designarc.biz/demos/unilevor/theme/vendors/revolution/js/extensions/revolution.extension.slideanims.min.js]
[designarc.biz/demos/unilevor/theme/vendors/revolution/js/extensions/revolution.extension.layeranimation.min.js]
[designarc.biz/demos/unilevor/theme/vendors/revolution/js/extensions/revolution.extension.navigation.min.js]
[designarc.biz/demos/unilevor/theme/vendors/owl-carousel/owl.carousel.min.js]
[designarc.biz/demos/unilevor/theme/vendors/jqery-nice-selector/js/jquery.nice-select.min.js]
[designarc.biz/demos/unilevor/theme/vendors/magnify-popup/jquery.magnific-popup.min.js]
[designarc.biz/demos/unilevor/theme/js/theme.js]
[designarc.biz/demos/unilevor/theme/index.html]
[designarc.biz/demos/unilevor/theme/css/bootstrap.min.css]
[designarc.biz/demos/unilevor/theme/vendors/flaticon/Flaticon.woff]
[designarc.biz/demos/unilevor/theme/vendors/flaticon/Flaticon.ttf]
[designarc.biz/demos/unilevor/theme/vendors/flaticon/flaticon.css]
[designarc.biz/demos/unilevor/theme/fonts/fontawesome-webfont3e6e.eot]
[designarc.biz/demos/unilevor/theme/fonts/fontawesome-webfontd41d.eot]
[designarc.biz/demos/unilevor/theme/fonts/fontawesome-webfont3e6e.woff]
[designarc.biz/demos/unilevor/theme/fonts/fontawesome-webfont3e6e.ttf]
[designarc.biz/demos/unilevor/theme/css/font-awesome.min.css]
[designarc.biz/demos/unilevor/theme/vendors/jqery-nice-selector/css/nice-select.css]
[designarc.biz/demos/unilevor/theme/vendors/magnify-popup/magnific-popup.css]
[designarc.biz/demos/unilevor/theme/vendors/revolution/fonts/revicons/revicons90c6.eot]
[designarc.biz/demos/unilevor/theme/vendors/revolution/fonts/revicons/revicons90c6.woff]
[designarc.biz/demos/unilevor/theme/vendors/revolution/fonts/revicons/revicons90c6.ttf]
[designarc.biz/demos/unilevor/theme/vendors/revolution/assets/gridtile.png]
[designarc.biz/demos/unilevor/theme/vendors/revolution/assets/gridtile_white.png]
[designarc.biz/demos/unilevor/theme/vendors/revolution/assets/gridtile_3x3.png]
[designarc.biz/demos/unilevor/theme/vendors/revolution/assets/gridtile_3x3_white.png]
[designarc.biz/demos/unilevor/theme/vendors/revolution/assets/coloredbg.png]
[designarc.biz/demos/unilevor/theme/vendors/revolution/assets/loader.gif]
[designarc.biz/demos/unilevor/theme/vendors/revolution/css/settings.css]
[designarc.biz/demos/unilevor/theme/vendors/revolution/css/layers.css]
[designarc.biz/demos/unilevor/theme/vendors/revolution/css/navigation.css]
[designarc.biz/demos/unilevor/theme/vendors/animate-css/animate.css]
[designarc.biz/demos/unilevor/theme/vendors/owl-carousel/owl.carousel.min.css]
[designarc.biz/demos/unilevor/theme/img/about_us_banner.jpg]
[designarc.biz/demos/unilevor/theme/img/about/consutation_bg.jpg]
[designarc.biz/demos/unilevor/theme/img/video-bg.jpg]
[designarc.biz/demos/unilevor/theme/img/request-bg.jpg]
[designarc.biz/demos/unilevor/theme/img/404-page.jpg]
[designarc.biz/demos/unilevor/theme/img/comming_soon_bg.jpg]
[designarc.biz/demos/unilevor/theme/css/style.css]
[designarc.biz/demos/unilevor/theme/css/responsive.css]
[designarc.biz/demos/unilevor/theme/img/logo-blue.png]
[designarc.biz/demos/unilevor/theme/img/home-slider/slider-4.jpg]
[designarc.biz/demos/unilevor/theme/img/home-slider/slider-5.jpg]
[designarc.biz/demos/unilevor/theme/img/home-slider/slider-6.jpg]
[designarc.biz/demos/unilevor/theme/img/about_us1.jpg]
[designarc.biz/demos/unilevor/theme/img/about_us2.jpg]
[designarc.biz/demos/unilevor/theme/img/advisor_4.jpg]
[designarc.biz/demos/unilevor/theme/img/blog/lp-01.jpg]
[designarc.biz/demos/unilevor/theme/img/blog/lp-02.jpg]
[designarc.biz/demos/unilevor/theme/img/blog/lp-03.jpg]
[designarc.biz/demos/unilevor/theme/img/blog/lp-04.jpg]
[designarc.biz/demos/unilevor/theme/img/general_img.jpg]
[designarc.biz/demos/unilevor/theme/js/jquery.form.js]
[designarc.biz/demos/unilevor/theme/js/jquery.validate.min.js]
[designarc.biz/demos/unilevor/theme/js/contact.js]
[designarc.biz/demos/unilevor/theme/index2.html]
[designarc.biz/demos/unilevor/theme/img/home-slider/slider-7.jpg]
[designarc.biz/demos/unilevor/theme/img/home-slider/slider-8.jpg]
[designarc.biz/demos/unilevor/theme/img/home-slider/slider-9.jpg]
[designarc.biz/demos/unilevor/theme/img/about/signature.jpg]
[designarc.biz/demos/unilevor/theme/img/about/manager_man.png]
[designarc.biz/demos/unilevor/theme/img/about/cases_01.jpg]
[designarc.biz/demos/unilevor/theme/img/about/cases_02.jpg]
[designarc.biz/demos/unilevor/theme/img/about/cases_03.jpg]
[designarc.biz/demos/unilevor/theme/img/about/cases_04.jpg]
[designarc.biz/demos/unilevor/theme/index3.html]
[designarc.biz/demos/unilevor/theme/img/logo-black.png]
[designarc.biz/demos/unilevor/theme/img/home-slider/slider-15.jpg]
[designarc.biz/demos/unilevor/theme/img/home-slider/slider-16.jpg]
[designarc.biz/demos/unilevor/theme/img/home-slider/slider-17.jpg]
[designarc.biz/demos/unilevor/theme/img/about/video.jpg]
[designarc.biz/demos/unilevor/theme/img/about/video_icon.png]
[designarc.biz/demos/unilevor/theme/img/about/do_1.jpg]
[designarc.biz/demos/unilevor/theme/img/about/do_2.jpg]
[designarc.biz/demos/unilevor/theme/img/about/do_3.jpg]
[designarc.biz/demos/unilevor/theme/img/about/do_4.jpg]
[designarc.biz/demos/unilevor/theme/img/about/do_5.jpg]
[designarc.biz/demos/unilevor/theme/img/about/do_6.jpg]
[designarc.biz/demos/unilevor/theme/img/location.png]
[designarc.biz/demos/unilevor/theme/vendors/jqery-nice-selector/js/jquery.nice-select.js]
[designarc.biz/demos/unilevor/theme/js/gmaps.min.js]
[designarc.biz/demos/unilevor/theme/js/map-active.js]
[designarc.biz/demos/unilevor/theme/index4.html]
[designarc.biz/demos/unilevor/theme/img/logo-blue2.png]
[designarc.biz/demos/unilevor/theme/img/home-slider/slider-10.jpg]
[designarc.biz/demos/unilevor/theme/img/home-slider/slider-11.jpg]
[designarc.biz/demos/unilevor/theme/img/home-slider/slider-12.jpg]
[designarc.biz/demos/unilevor/theme/img/about/offer-2.jpg]
[designarc.biz/demos/unilevor/theme/img/about/offer-3.jpg]
[designarc.biz/demos/unilevor/theme/img/about/offer-4.jpg]
[designarc.biz/demos/unilevor/theme/img/about/offer-5.jpg]
[designarc.biz/demos/unilevor/theme/img/about/offer-6.jpg]
[designarc.biz/demos/unilevor/theme/img/p_video_img.jpg]
[designarc.biz/demos/unilevor/theme/index5.html]
[designarc.biz/demos/unilevor/theme/vendors/imagesloaded/imagesloaded.pkgd.min.js]
[designarc.biz/demos/unilevor/theme/vendors/isotope/isotope-min.js]
[designarc.biz/demos/unilevor/theme/about.html]
[designarc.biz/demos/unilevor/theme/img/about/history1.jpg]
[designarc.biz/demos/unilevor/theme/img/about/history2.jpg]
[designarc.biz/demos/unilevor/theme/history.html]
[designarc.biz/demos/unilevor/theme/img/advisor_5.jpg]
[designarc.biz/demos/unilevor/theme/img/advisor_6.jpg]
[designarc.biz/demos/unilevor/theme/team.html]
[designarc.biz/demos/unilevor/theme/img/about/do_7.jpg]
[designarc.biz/demos/unilevor/theme/img/about/do_8.jpg]
[designarc.biz/demos/unilevor/theme/service.html]
[designarc.biz/demos/unilevor/theme/img/about/pdf.png]
[designarc.biz/demos/unilevor/theme/img/about/doc.png]
[designarc.biz/demos/unilevor/theme/img/about/qoute.png]
[designarc.biz/demos/unilevor/theme/img/about/sr_testimonial.png]
[designarc.biz/demos/unilevor/theme/img/services/01.jpg]
[designarc.biz/demos/unilevor/theme/img/services/02.jpg]
[designarc.biz/demos/unilevor/theme/img/services/features.jpg]
[designarc.biz/demos/unilevor/theme/img/services/market_img.jpg]
[designarc.biz/demos/unilevor/theme/img/services/fe_img.jpg]
[designarc.biz/demos/unilevor/theme/img/services/saving_01.jpg]
[designarc.biz/demos/unilevor/theme/img/services/saving_02.jpg]
[designarc.biz/demos/unilevor/theme/img/services/key_fe_04.jpg]
[designarc.biz/demos/unilevor/theme/img/services/planning_img.jpg]
[designarc.biz/demos/unilevor/theme/img/services/key_fe05.jpg]
[designarc.biz/demos/unilevor/theme/img/services/cons_1.jpg]
[designarc.biz/demos/unilevor/theme/img/services/cons_2.jpg]
[designarc.biz/demos/unilevor/theme/img/services/key_fe_03.jpg]
[designarc.biz/demos/unilevor/theme/img/services/consumer_img.jpg]
[designarc.biz/demos/unilevor/theme/img/services/key_fe_2.jpg]
[designarc.biz/demos/unilevor/theme/img/services/trade1.jpg]
[designarc.biz/demos/unilevor/theme/img/services/trade2.jpg]
[designarc.biz/demos/unilevor/theme/img/services/key_fe7.jpg]
[designarc.biz/demos/unilevor/theme/img/services/tax_img.jpg]
[designarc.biz/demos/unilevor/theme/img/services/key_fe6.jpg]
[designarc.biz/demos/unilevor/theme/business-growth.html]
[designarc.biz/demos/unilevor/theme/market-analysis.html]
[designarc.biz/demos/unilevor/theme/saving-investment.html]
[designarc.biz/demos/unilevor/theme/strategy-planning.html]
[designarc.biz/demos/unilevor/theme/general-consultancy.html]
[designarc.biz/demos/unilevor/theme/consumer-insight.html]
[designarc.biz/demos/unilevor/theme/trade-stock.html]
[designarc.biz/demos/unilevor/theme/tax-planning.html]
[designarc.biz/demos/unilevor/theme/img/project/project-1.jpg]
[designarc.biz/demos/unilevor/theme/img/project/project-2.jpg]
[designarc.biz/demos/unilevor/theme/img/project/project-3.jpg]
[designarc.biz/demos/unilevor/theme/img/project/project-4.jpg]
[designarc.biz/demos/unilevor/theme/img/project/project-5.jpg]
[designarc.biz/demos/unilevor/theme/img/project/project-6.jpg]
[designarc.biz/demos/unilevor/theme/img/project/project-7.jpg]
[designarc.biz/demos/unilevor/theme/img/project/project-8.jpg]
[designarc.biz/demos/unilevor/theme/img/project/project-9.jpg]
[designarc.biz/demos/unilevor/theme/case-1.html]
[designarc.biz/demos/unilevor/theme/img/project/coll4-1.jpg]
[designarc.biz/demos/unilevor/theme/img/project/coll4-2.jpg]
[designarc.biz/demos/unilevor/theme/img/project/coll4-3.jpg]
[designarc.biz/demos/unilevor/theme/img/project/coll4-4.jpg]
[designarc.biz/demos/unilevor/theme/img/project/coll4-5.jpg]
[designarc.biz/demos/unilevor/theme/img/project/coll4-6.jpg]
[designarc.biz/demos/unilevor/theme/img/project/coll4-7.jpg]
[designarc.biz/demos/unilevor/theme/img/project/coll4-8.jpg]
[designarc.biz/demos/unilevor/theme/img/project/coll4-9.jpg]
[designarc.biz/demos/unilevor/theme/img/project/coll4-10.jpg]
[designarc.biz/demos/unilevor/theme/case-2.html]
[designarc.biz/demos/unilevor/theme/img/project/project-details.jpg]
[designarc.biz/demos/unilevor/theme/img/project/project-details2.jpg]
[designarc.biz/demos/unilevor/theme/case-details.html]
[designarc.biz/demos/unilevor/theme/404.html]
[designarc.biz/demos/unilevor/theme/js/timer.js]
[designarc.biz/demos/unilevor/theme/comingsoon.html]
[designarc.biz/demos/unilevor/theme/testimonial.html]
[designarc.biz/demos/unilevor/theme/img/faq_bg.png]
[designarc.biz/demos/unilevor/theme/faq.html]
[designarc.biz/demos/unilevor/theme/img/blog/blog1.jpg]
[designarc.biz/demos/unilevor/theme/img/blog/blog2.jpg]
[designarc.biz/demos/unilevor/theme/img/blog/blog3.jpg]
[designarc.biz/demos/unilevor/theme/img/blog/blog4.jpg]
[designarc.biz/demos/unilevor/theme/img/blog/recent-post1.jpg]
[designarc.biz/demos/unilevor/theme/img/blog/recent-post2.jpg]
[designarc.biz/demos/unilevor/theme/img/blog/recent-post3.jpg]
[designarc.biz/demos/unilevor/theme/img/blog/recent-post4.jpg]
[designarc.biz/demos/unilevor/theme/blog.html]
[designarc.biz/demos/unilevor/theme/img/blog/b_col1.jpg]
[designarc.biz/demos/unilevor/theme/img/blog/b_col2.jpg]
[designarc.biz/demos/unilevor/theme/img/blog/b_col3.jpg]
[designarc.biz/demos/unilevor/theme/img/blog/b_col4.jpg]
[designarc.biz/demos/unilevor/theme/img/blog/b_col5.jpg]
[designarc.biz/demos/unilevor/theme/img/blog/b_col6.jpg]
[designarc.biz/demos/unilevor/theme/img/blog/b_col7.jpg]
[designarc.biz/demos/unilevor/theme/img/blog/b_col8.jpg]
[designarc.biz/demos/unilevor/theme/blog-col2.html]
[designarc.biz/demos/unilevor/theme/img/blog/comment.jpg]
[designarc.biz/demos/unilevor/theme/blog-details.html]
[designarc.biz/demos/unilevor/theme/contact-us.html]
[designarc.biz/demos/unilevor/theme/partner.html]
[designarc.biz/demos/unilevor/theme/services.html]
[designarc.biz/demos/unilevor/theme/contact.html]
[designarc.biz/demos/unilevor/theme/vendors/flaticon/Flaticon.html]
[designarc.biz/demos/unilevor/theme/vendors/flaticon/Flaticond41d.html]
[designarc.biz/demos/unilevor/theme/vendors/flaticon/Flaticon-2.html]
[designarc.biz/demos/unilevor/theme/fonts/fontawesome-webfont3e6e.html]
[designarc.biz/demos/unilevor/theme/fonts/fontawesome-webfont3e6e.svg]
[designarc.biz/demos/unilevor/theme/vendors/revolution/fonts/revicons/revicons90c6.svg]
[designarc.biz/demos/unilevor/theme/vendors/revolution/css/openhand.html]
[designarc.biz/demos/unilevor/theme/vendors/revolution/css/closedhand.html]
[designarc.biz/demos/unilevor/theme/vendors/owl-carousel/owl.video.play.html]
[designarc.biz/demos/unilevor/theme/vendors/stroke-icon/fonts/Stroke-Gap-Icons.eot]
[designarc.biz/demos/unilevor/theme/vendors/stroke-icon/style.css]
